\BOOKMARK [1][-]{section.1}{\376\377\230\171\166\356\230\230\166\356}{}% 1
\BOOKMARK [1][-]{section.2}{\376\377\230\171\166\356\166\204\200\314\146\157\124\214\126\375\121\205\131\026\170\024\172\166\163\260\162\266}{}% 2
\BOOKMARK [2][-]{subsection.2.1}{\376\377\230\171\166\356\200\314\146\157}{section.2}% 3
\BOOKMARK [2][-]{subsection.2.2}{\376\377\126\375\121\205\131\026\170\024\172\166\163\260\162\266}{section.2}% 4
\BOOKMARK [3][-]{subsubsection.2.2.1}{\376\377\146\172\141\147\121\173\200\001\116\016\147\072\147\204\145\160\133\127\123\026\173\241\164\006\170\024\172\166}{subsection.2.2}% 5
\BOOKMARK [3][-]{subsubsection.2.2.2}{\376\377\215\314\120\022\150\300\155\113\060\001\116\272\117\123\131\377\140\001\117\060\213\241\116\016\210\114\116\072\213\306\122\053\170\024\172\166}{subsection.2.2}% 6
\BOOKMARK [3][-]{subsubsection.2.2.3}{\376\377\131\032\152\041\140\001\207\215\124\010\060\001\120\145\136\267\166\321\155\113\116\016\137\303\164\006\230\316\226\151\213\304\117\060\170\024\172\166}{subsection.2.2}% 7
\BOOKMARK [3][-]{subsubsection.2.2.4}{\376\377\142\244\164\006\121\263\173\126\145\057\143\001\116\016\123\357\211\343\221\312\116\272\135\345\146\172\200\375\170\024\172\166}{subsection.2.2}% 8
\BOOKMARK [1][-]{section.3}{\376\377\230\171\166\356\170\024\172\166\166\204\121\205\133\271\124\214\142\200\147\057\215\357\176\277}{}% 9
\BOOKMARK [2][-]{subsection.3.1}{\376\377\140\073\117\123\170\024\172\166\121\205\133\271}{section.3}% 10
\BOOKMARK [2][-]{subsection.3.2}{\376\377\150\070\137\303\142\200\147\057\215\357\176\277}{section.3}% 11
\BOOKMARK [2][-]{subsection.3.3}{\376\377\131\032\152\041\140\001\230\316\226\151\213\304\122\006\152\041\127\213}{section.3}% 12
\BOOKMARK [2][-]{subsection.3.4}{\376\377\174\373\176\337\217\320\210\114\145\160\143\156\116\016\155\113\213\325\127\072\146\157}{section.3}% 13
\BOOKMARK [2][-]{subsection.3.5}{\376\377\230\165\227\142\152\041\127\127\116\016\133\236\163\260\145\110\147\234}{section.3}% 14
\BOOKMARK [1][-]{section.4}{\376\377\230\171\166\356\166\204\122\033\145\260\160\271}{}% 15
\BOOKMARK [2][-]{subsection.4.1}{\376\377\131\032\152\041\140\001\207\215\124\010\230\204\213\146\147\072\122\066}{section.4}% 16
\BOOKMARK [2][-]{subsection.4.2}{\376\377\227\142\124\021\120\145\136\267\116\016\137\303\164\006\230\316\226\151\166\204\116\052\117\123\123\026\210\114\116\072\165\073\120\317}{section.4}% 17
\BOOKMARK [2][-]{subsection.4.3}{\376\377\211\306\211\311\213\306\122\053\116\016\131\377\140\001\117\060\213\241\176\323\124\010}{section.4}% 18
\BOOKMARK [2][-]{subsection.4.4}{\376\377\123\357\211\343\221\312\230\316\226\151\170\024\122\044}{section.4}% 19
\BOOKMARK [2][-]{subsection.4.5}{\376\377\116\316\230\204\213\146\122\060\131\004\177\156\166\204\142\244\164\006\116\032\122\241\225\355\163\257}{section.4}% 20
\BOOKMARK [2][-]{subsection.4.6}{\376\377\142\244\164\006\167\345\213\306\136\223\217\205\122\251\121\263\173\126}{section.4}% 21
\BOOKMARK [1][-]{section.5}{\376\377\230\171\166\356\166\204\136\224\165\050\122\115\146\157\124\214\171\076\117\032\116\367\120\074}{}% 22
\BOOKMARK [2][-]{subsection.5.1}{\376\377\136\224\165\050\122\115\146\157}{section.5}% 23
\BOOKMARK [2][-]{subsection.5.2}{\376\377\171\076\117\032\116\367\120\074}{section.5}% 24
\BOOKMARK [1][-]{section.6}{\376\377\226\037\124\130\133\371\117\134\124\301\166\204\215\041\163\056\172\013\136\246}{}% 25
\BOOKMARK [1][-]{section.7}{\376\377\230\171\166\356\133\130\127\050\166\204\225\356\230\230\116\345\123\312\116\312\124\016\166\204\145\071\217\333\145\271\124\021}{}% 26
\BOOKMARK [2][-]{subsection.7.1}{\376\377\133\130\127\050\166\204\225\356\230\230}{section.7}% 27
\BOOKMARK [2][-]{subsection.7.2}{\376\377\145\071\217\333\145\271\124\021}{section.7}% 28
